// Jest Snapshot v1, https://goo.gl/fbAQLP

exports[`App Component Tests matches the snapshot 1`] = `
<DocumentFragment>
  <div
    class="app-container"
  >
    <div
      class="columns"
    >
      <div
        class="column"
        data-rbd-droppable-context-id="1"
        data-rbd-droppable-id="todo"
      >
        <div
          class="column-header"
        >
          <h2>
            TO DO 
            <span
              class="note-count"
            >
              0 ●
            </span>
          </h2>
          <button
            class="add-task-button"
          >
            +
          </button>
        </div>
      </div>
      <div
        class="column"
        data-rbd-droppable-context-id="1"
        data-rbd-droppable-id="inProgress"
      >
        <div
          class="column-header"
        >
          <h2>
            In Progress 
            <span
              class="note-count"
            >
              0 ●
            </span>
          </h2>
        </div>
      </div>
      <div
        class="column"
        data-rbd-droppable-context-id="1"
        data-rbd-droppable-id="codeReview"
      >
        <div
          class="column-header"
        >
          <h2>
            Code Review 
            <span
              class="note-count"
            >
              0 ●
            </span>
          </h2>
        </div>
      </div>
      <div
        class="column"
        data-rbd-droppable-context-id="1"
        data-rbd-droppable-id="done"
      >
        <div
          class="column-header"
        >
          <h2>
            Done 
            <span
              class="note-count"
            >
              0 ●
            </span>
          </h2>
        </div>
      </div>
    </div>
  </div>
</DocumentFragment>
`;
